../Core/Src/main.c:90:6:HAL_UART_RxCpltCallback	24	static
../Core/Src/main.c:104:5:main	16	static
../Core/Src/main.c:179:6:SystemClock_Config	120	static
../Core/Src/main.c:230:13:MX_USART2_UART_Init	8	static
../Core/Src/main.c:278:13:MX_USART3_UART_Init	8	static
../Core/Src/main.c:324:13:MX_DMA_Init	16	static
../Core/Src/main.c:345:13:MX_GPIO_Init	40	static
../Core/Src/main.c:384:6:HAL_GPIO_EXTI_Callback	16	static
../Core/Src/main.c:409:6:HAL_UART_TxCpltCallback	16	static
../Core/Src/main.c:432:5:__io_putchar	24	static
../Core/Src/main.c:439:5:_write	32	static
../Core/Src/main.c:451:6:MPU_Config	24	static
../Core/Src/main.c:482:6:Error_Handler	4	static,ignoring_inline_asm
