../Core/Src/main.c:88:6:HAL_UART_RxCpltCallback	24	static
../Core/Src/main.c:103:5:main	16	static
../Core/Src/main.c:174:6:SystemClock_Config	88	static
../Core/Src/main.c:221:13:MX_USART1_UART_Init	8	static
../Core/Src/main.c:254:13:MX_USART2_UART_Init	8	static
../Core/Src/main.c:285:13:MX_DMA_Init	16	static
../Core/Src/main.c:306:13:MX_GPIO_Init	48	static
../Core/Src/main.c:345:6:HAL_GPIO_EXTI_Callback	16	static
../Core/Src/main.c:367:6:HAL_UART_TxCpltCallback	16	static
../Core/Src/main.c:390:5:__io_putchar	24	static
../Core/Src/main.c:397:5:_write	32	static
../Core/Src/main.c:410:6:Error_Handler	4	static,ignoring_inline_asm
